MPASM 5.87                    CRONOMETRO.ASM   10-4-2026  21:05:15         PAGE  1


LOC  OBJECT CODE     LINE SOURCE TEXT
  VALUE

Warning[205]: Found directive in column 1. (LIST)
                      00001 LIST P=16F887
                      00002         #INCLUDE <P16F887.INC>
                      00001         LIST
                      00002 
                      00003 ;==========================================================================
                      00004 ; Build date : Jan 06 2020
                      00005 ;  MPASM PIC16F887 processor include
                      00006 ; 
                      00007 ;  (c) Copyright 1999-2020 Microchip Technology, All rights reserved
                      00008 ;==========================================================================
                      00009 
                      00810         LIST
                      00003 
2007   20E1           00004         __CONFIG _CONFIG1, _FOSC_XT & _WDTE_OFF & _PWRTE_ON & _MCLRE_ON & _CP_OFF & _CPD_OFF & _BOREN_OF
                            F & _IESO_OFF & _FCMEN_OFF & _LVP_OFF
2008   3EFF           00005         __CONFIG _CONFIG2, _BOR4V_BOR21V & _WRT_OFF
                      00006 
                      00007 ; ==============================================================================
                      00008 ; VARIABLES EN RAM (BANCO 0)
                      00009 ; ==============================================================================
                      00010         CBLOCK 0x20
  00000020            00011         CENT
  00000021            00012         SEG
  00000022            00013         U_CENT
  00000023            00014         D_CENT
  00000024            00015         U_SEG
  00000025            00016         D_SEG
  00000026            00017         DISPLAY
  00000027            00018         AUX
                      00019         ENDC
                      00020 
                      00021 ; VARIABLES DE CONTEXTO (BANCO COMÚN 0x70)
                      00022         CBLOCK 0x70
  00000070            00023         W_TEMP
  00000071            00024         STATUS_TEMP
  00000072            00025         PCLATH_TEMP
                      00026         ENDC
                      00027 
                      00028 ; ==============================================================================
                      00029 ; VECTORES
                      00030 ; ==============================================================================
                      00031         ORG 0x0000
0000   2???           00032         GOTO INICIO
                      00033 
                      00034         ORG 0x0004
0004                  00035 ISR:
0004   00F0           00036         MOVWF W_TEMP
0005   0E03           00037         SWAPF STATUS,W
0006   00F1           00038         MOVWF STATUS_TEMP
0007   1283           00039         BCF STATUS,RP0
0008   1303           00040         BCF STATUS,RP1
0009   080A           00041         MOVF PCLATH,W
MPASM 5.87                    CRONOMETRO.ASM   10-4-2026  21:05:15         PAGE  2


LOC  OBJECT CODE     LINE SOURCE TEXT
  VALUE

000A   00F2           00042         MOVWF PCLATH_TEMP
000B   018A           00043         CLRF PCLATH
                      00044 
                      00045 ; Refresco de pantallas
000C   2???           00046         CALL MULTIPLEXAR
                      00047 
000D                  00048 FIN_ISR:
000D   1283           00049         BCF STATUS,RP0
000E   1303           00050         BCF STATUS,RP1
000F   0872           00051         MOVF PCLATH_TEMP,W
0010   008A           00052         MOVWF PCLATH
0011   0E71           00053         SWAPF STATUS_TEMP,W
0012   0083           00054         MOVWF STATUS
0013   0EF0           00055         SWAPF W_TEMP,F
0014   0E70           00056         SWAPF W_TEMP,W
0015   0009           00057         RETFIE
                      00058 
                      00059 ; ==============================================================================
                      00060 ; CONFIGURACIÓN INICIAL
                      00061 ; ==============================================================================
0016                  00062 INICIO:
                      00063 ; Todo digital
0016   1683 1703      00064         BANKSEL ANSEL
Message[302]: Register in operand not in bank 0.  Ensure that bank bits are correct.
0018   0188           00065         CLRF ANSEL
Message[302]: Register in operand not in bank 0.  Ensure that bank bits are correct.
0019   0189           00066         CLRF ANSELH
                      00067 
                      00068 ; PORTB como salidas (Segmentos a-g del display)
001A   1683 1303      00069         BANKSEL TRISB
Message[302]: Register in operand not in bank 0.  Ensure that bank bits are correct.
001C   0186           00070         CLRF TRISB
                      00071 
                      00072 ; RC0..RC3 como salidas (Selección de dígitos)
001D   1683 1303      00073         BANKSEL TRISC
Message[302]: Register in operand not in bank 0.  Ensure that bank bits are correct.
001F   1007           00074         BCF TRISC,0
Message[302]: Register in operand not in bank 0.  Ensure that bank bits are correct.
0020   1087           00075         BCF TRISC,1
Message[302]: Register in operand not in bank 0.  Ensure that bank bits are correct.
0021   1107           00076         BCF TRISC,2
Message[302]: Register in operand not in bank 0.  Ensure that bank bits are correct.
0022   1187           00077         BCF TRISC,3
                      00078 
                      00079 ; RE0 como entrada (Pulsador)
0023   1683 1303      00080         BANKSEL TRISE
Message[302]: Register in operand not in bank 0.  Ensure that bank bits are correct.
0025   1409           00081         BSF TRISE,0
                      00082 
0026   1283 1303      00083         BANKSEL PORTC
0028   0187           00084         CLRF PORTC
0029   1283 1303      00085         BANKSEL PORTB
002B   0186           00086         CLRF PORTB
MPASM 5.87                    CRONOMETRO.ASM   10-4-2026  21:05:15         PAGE  3


LOC  OBJECT CODE     LINE SOURCE TEXT
  VALUE

                      00087 
                      00088 ; Inicializar variables de pantalla
002C   1283 1303      00089         BANKSEL CENT
002E   01A0           00090         CLRF CENT
002F   01A1           00091         CLRF SEG
0030   01A2           00092         CLRF U_CENT
0031   01A3           00093         CLRF D_CENT
0032   01A4           00094         CLRF U_SEG
0033   01A5           00095         CLRF D_SEG
0034   01A6           00096         CLRF DISPLAY
                      00097 
                      00098 ; ==============================================================================
                      00099 ; BUCLE PRINCIPAL
                      00100 ; ==============================================================================
0035                  00101 PRINCIPAL:
0035   2???           00102         CALL MULTIPLEXAR
0036   2???           00103         GOTO PRINCIPAL
                      00104 
                      00105 ; ==============================================================================
                      00106 ; RUTINA DE MULTIPLEXADO DE PANTALLAS
                      00107 ; ==============================================================================
0037                  00108 MULTIPLEXAR:
0037   1283 1303      00109         BANKSEL PORTC
0039   0187           00110         CLRF PORTC              ; Apagar todos los dígitos antes de cambiar
                      00111 
003A   1283 1303      00112         BANKSEL DISPLAY
003C   0826           00113         MOVF DISPLAY,W
003D   1903           00114         BTFSC STATUS,Z
003E   2???           00115         GOTO DISP0
                      00116 
003F   0826           00117         MOVF DISPLAY,W
0040   3A01           00118         XORLW D'1'
0041   1903           00119         BTFSC STATUS,Z
0042   2???           00120         GOTO DISP1
                      00121 
0043   0826           00122         MOVF DISPLAY,W
0044   3A02           00123         XORLW D'2'
0045   1903           00124         BTFSC STATUS,Z
0046   2???           00125         GOTO DISP2
                      00126 
0047   2???           00127         GOTO DISP3
                      00128 
0048                  00129 DISP0:
0048   1283 1303      00130         BANKSEL D_SEG
004A   30??           00131         MOVLW HIGH TABLA
004B   008A           00132         MOVWF PCLATH
004C   0825           00133         MOVF D_SEG,W
004D   2???           00134         CALL TABLA
004E   1283 1303      00135         BANKSEL PORTB
0050   0086           00136         MOVWF PORTB
0051   1283 1303      00137         BANKSEL PORTC
0053   1407           00138         BSF PORTC,0
0054   2???           00139         GOTO SIG_DISPLAY
MPASM 5.87                    CRONOMETRO.ASM   10-4-2026  21:05:15         PAGE  4


LOC  OBJECT CODE     LINE SOURCE TEXT
  VALUE

                      00140 
0055                  00141 DISP1:
0055   1283 1303      00142         BANKSEL U_SEG
0057   30??           00143         MOVLW HIGH TABLA
0058   008A           00144         MOVWF PCLATH
0059   0824           00145         MOVF U_SEG,W
005A   2???           00146         CALL TABLA
005B   1283 1303      00147         BANKSEL PORTB
005D   0086           00148         MOVWF PORTB
005E   1283 1303      00149         BANKSEL PORTC
0060   1487           00150         BSF PORTC,1
0061   2???           00151         GOTO SIG_DISPLAY
                      00152 
0062                  00153 DISP2:
0062   1283 1303      00154         BANKSEL D_CENT
0064   30??           00155         MOVLW HIGH TABLA
0065   008A           00156         MOVWF PCLATH
0066   0823           00157         MOVF D_CENT,W
0067   2???           00158         CALL TABLA
0068   1283 1303      00159         BANKSEL PORTB
006A   0086           00160         MOVWF PORTB
006B   1283 1303      00161         BANKSEL PORTC
006D   1507           00162         BSF PORTC,2
006E   2???           00163         GOTO SIG_DISPLAY
                      00164 
006F                  00165 DISP3:
006F   1283 1303      00166         BANKSEL U_CENT
0071   30??           00167         MOVLW HIGH TABLA
0072   008A           00168         MOVWF PCLATH
0073   0822           00169         MOVF U_CENT,W
0074   2???           00170         CALL TABLA
0075   1283 1303      00171         BANKSEL PORTB
0077   0086           00172         MOVWF PORTB
0078   1283 1303      00173         BANKSEL PORTC
007A   1587           00174         BSF PORTC,3
                      00175 
007B                  00176 SIG_DISPLAY:
007B   1283 1303      00177         BANKSEL DISPLAY
007D   0AA6           00178         INCF DISPLAY,F
007E   3004           00179         MOVLW D'4'
007F   0226           00180         SUBWF DISPLAY,W
0080   1903           00181         BTFSC STATUS,Z
0081   01A6           00182         CLRF DISPLAY
0082   0008           00183         RETURN
                      00184 
                      00185 ; ==============================================================================
                      00186 ; TABLA DE DECODIFICACIÓN 7 SEGMENTOS (Fija en 0x0700)
                      00187 ; ==============================================================================
                      00188         ORG 0x0700
                      00189 
0700                  00190 TABLA:
0700   0782           00191         ADDWF PCL,F
0701   347E           00192         RETLW B'01111110'       ; 0
MPASM 5.87                    CRONOMETRO.ASM   10-4-2026  21:05:15         PAGE  5


LOC  OBJECT CODE     LINE SOURCE TEXT
  VALUE

0702   3412           00193         RETLW B'00010010'       ; 1
0703   34BC           00194         RETLW B'10111100'       ; 2
0704   34B6           00195         RETLW B'10110110'       ; 3
0705   34D2           00196         RETLW B'11010010'       ; 4
0706   34E6           00197         RETLW B'11100110'       ; 5
0707   34EE           00198         RETLW B'11101110'       ; 6
0708   3432           00199         RETLW B'00110010'       ; 7
0709   34FE           00200         RETLW B'11111110'       ; 8
070A   34F6           00201         RETLW B'11110110'       ; 9
                      00202 
20E1 3EFF             00203         END
MPASM 5.87                    CRONOMETRO.ASM   10-4-2026  21:05:15         PAGE  6


SYMBOL TABLE
  LABEL                             VALUE 

ABDEN                             00000000
ABDOVF                            00000007
ACKDT                             00000005
ACKEN                             00000004
ACKSTAT                           00000006
ADCON0                            0000001F
ADCON1                            0000009F
ADCS0                             00000006
ADCS1                             00000007
ADDEN                             00000003
ADFM                              00000007
ADIE                              00000006
ADIF                              00000006
ADON                              00000000
ADRESH                            0000001E
ADRESL                            0000009E
ANS0                              00000000
ANS1                              00000001
ANS10                             00000002
ANS11                             00000003
ANS12                             00000004
ANS13                             00000005
ANS2                              00000002
ANS3                              00000003
ANS4                              00000004
ANS5                              00000005
ANS6                              00000006
ANS7                              00000007
ANS8                              00000000
ANS9                              00000001
ANSEL                             00000188
ANSELH                            00000189
AUX                               00000027
BAUDCTL                           00000187
BCLIE                             00000003
BCLIF                             00000003
BF                                00000000
BRG0                              00000000
BRG1                              00000001
BRG10                             00000002
BRG11                             00000003
BRG12                             00000004
BRG13                             00000005
BRG14                             00000006
BRG15                             00000007
BRG16                             00000003
BRG2                              00000002
BRG3                              00000003
BRG4                              00000004
BRG5                              00000005
BRG6                              00000006
BRG7                              00000007
BRG8                              00000000
MPASM 5.87                    CRONOMETRO.ASM   10-4-2026  21:05:15         PAGE  7


SYMBOL TABLE
  LABEL                             VALUE 

BRG9                              00000001
BRGH                              00000002
C                                 00000000
C1CH0                             00000000
C1CH1                             00000001
C1IE                              00000005
C1IF                              00000005
C1OE                              00000005
C1ON                              00000007
C1OUT                             00000006
C1POL                             00000004
C1R                               00000002
C1RSEL                            00000005
C1SEN                             00000005
C2CH0                             00000000
C2CH1                             00000001
C2IE                              00000006
C2IF                              00000006
C2OE                              00000005
C2ON                              00000007
C2OUT                             00000006
C2POL                             00000004
C2R                               00000002
C2REN                             00000004
C2RSEL                            00000004
C2SYNC                            00000000
CCP1CON                           00000017
CCP1IE                            00000002
CCP1IF                            00000002
CCP1M0                            00000000
CCP1M1                            00000001
CCP1M2                            00000002
CCP1M3                            00000003
CCP1X                             00000005
CCP1Y                             00000004
CCP2CON                           0000001D
CCP2IE                            00000000
CCP2IF                            00000000
CCP2M0                            00000000
CCP2M1                            00000001
CCP2M2                            00000002
CCP2M3                            00000003
CCP2X                             00000005
CCP2Y                             00000004
CCPR1                             00000015
CCPR1H                            00000016
CCPR1L                            00000015
CCPR2                             0000001B
CCPR2H                            0000001C
CCPR2L                            0000001B
CENT                              00000020
CHS0                              00000002
CHS1                              00000003
MPASM 5.87                    CRONOMETRO.ASM   10-4-2026  21:05:15         PAGE  8


SYMBOL TABLE
  LABEL                             VALUE 

CHS2                              00000004
CHS3                              00000005
CKE                               00000006
CKP                               00000004
CM1CON0                           00000107
CM2CON0                           00000108
CM2CON1                           00000109
CREN                              00000004
CSRC                              00000007
D                                 00000005
DATA_ADDRESS                      00000005
DC                                00000001
DC1B0                             00000004
DC1B1                             00000005
DC2B0                             00000004
DC2B1                             00000005
DISP0                             00000048
DISP1                             00000055
DISP2                             00000062
DISP3                             0000006F
DISPLAY                           00000026
D_A                               00000005
D_CENT                            00000023
D_NOT_A                           00000005
D_SEG                             00000025
ECCPAS                            0000009C
ECCPAS0                           00000004
ECCPAS1                           00000005
ECCPAS2                           00000006
ECCPASE                           00000007
EEADR                             0000010D
EEADRH                            0000010F
EECON1                            0000018C
EECON2                            0000018D
EEDAT                             0000010C
EEDATA                            0000010C
EEDATH                            0000010E
EEIE                              00000004
EEIF                              00000004
EEPGD                             00000007
F                                 00000001
FERR                              00000002
FIN_ISR                           0000000D
FSR                               00000004
FVREN                             00000000
GCEN                              00000007
GIE                               00000007
GO                                00000001
GO_DONE                           00000001
GO_NOT_DONE                       00000001
HTS                               00000002
I2C_DATA                          00000005
I2C_READ                          00000002
MPASM 5.87                    CRONOMETRO.ASM   10-4-2026  21:05:15         PAGE  9


SYMBOL TABLE
  LABEL                             VALUE 

I2C_START                         00000003
I2C_STOP                          00000004
INDF                              00000000
INICIO                            00000016
INTCON                            0000000B
INTE                              00000004
INTEDG                            00000006
INTF                              00000001
IOCB                              00000096
IOCB0                             00000000
IOCB1                             00000001
IOCB2                             00000002
IOCB3                             00000003
IOCB4                             00000004
IOCB5                             00000005
IOCB6                             00000006
IOCB7                             00000007
IRCF0                             00000004
IRCF1                             00000005
IRCF2                             00000006
IRP                               00000007
ISR                               00000004
LTS                               00000001
MC1OUT                            00000007
MC2OUT                            00000006
MSK                               00000093
MSK0                              00000000
MSK1                              00000001
MSK2                              00000002
MSK3                              00000003
MSK4                              00000004
MSK5                              00000005
MSK6                              00000006
MSK7                              00000007
MULTIPLEXAR                       00000037
NOT_A                             00000005
NOT_ADDRESS                       00000005
NOT_BO                            00000000
NOT_BOR                           00000000
NOT_DONE                          00000001
NOT_PD                            00000003
NOT_POR                           00000001
NOT_RBPU                          00000007
NOT_RC8                           00000006
NOT_T1SYNC                        00000002
NOT_TO                            00000004
NOT_TX8                           00000006
NOT_W                             00000002
NOT_WRITE                         00000002
OERR                              00000001
OPTION_REG                        00000081
OSCCON                            0000008F
OSCTUNE                           00000090
MPASM 5.87                    CRONOMETRO.ASM   10-4-2026  21:05:15         PAGE 10


SYMBOL TABLE
  LABEL                             VALUE 

OSFIE                             00000007
OSFIF                             00000007
OSTS                              00000003
P                                 00000004
P1M0                              00000006
P1M1                              00000007
PCL                               00000002
PCLATH                            0000000A
PCLATH_TEMP                       00000072
PCON                              0000008E
PDC0                              00000000
PDC1                              00000001
PDC2                              00000002
PDC3                              00000003
PDC4                              00000004
PDC5                              00000005
PDC6                              00000006
PEIE                              00000006
PEN                               00000002
PIE1                              0000008C
PIE2                              0000008D
PIR1                              0000000C
PIR2                              0000000D
PORTA                             00000005
PORTB                             00000006
PORTC                             00000007
PORTD                             00000008
PORTE                             00000009
PR2                               00000092
PRINCIPAL                         00000035
PRSEN                             00000007
PS0                               00000000
PS1                               00000001
PS2                               00000002
PSA                               00000003
PSSAC0                            00000002
PSSAC1                            00000003
PSSBD0                            00000000
PSSBD1                            00000001
PSTRCON                           0000009D
PULSR                             00000002
PULSS                             00000003
PWM1CON                           0000009B
R                                 00000002
RA0                               00000000
RA1                               00000001
RA2                               00000002
RA3                               00000003
RA4                               00000004
RA5                               00000005
RA6                               00000006
RA7                               00000007
RB0                               00000000
MPASM 5.87                    CRONOMETRO.ASM   10-4-2026  21:05:15         PAGE 11


SYMBOL TABLE
  LABEL                             VALUE 

RB1                               00000001
RB2                               00000002
RB3                               00000003
RB4                               00000004
RB5                               00000005
RB6                               00000006
RB7                               00000007
RBIE                              00000003
RBIF                              00000000
RC0                               00000000
RC1                               00000001
RC2                               00000002
RC3                               00000003
RC4                               00000004
RC5                               00000005
RC6                               00000006
RC7                               00000007
RC8_9                             00000006
RC9                               00000006
RCD8                              00000000
RCEN                              00000003
RCIDL                             00000006
RCIE                              00000005
RCIF                              00000005
RCREG                             0000001A
RCSTA                             00000018
RD                                00000000
RD0                               00000000
RD1                               00000001
RD2                               00000002
RD3                               00000003
RD4                               00000004
RD5                               00000005
RD6                               00000006
RD7                               00000007
RE0                               00000000
RE1                               00000001
RE2                               00000002
RE3                               00000003
READ_WRITE                        00000002
RP0                               00000005
RP1                               00000006
RSEN                              00000001
RX9                               00000006
RX9D                              00000000
R_NOT_W                           00000002
R_W                               00000002
S                                 00000003
SBOREN                            00000004
SCKP                              00000004
SCS                               00000000
SEG                               00000021
SEN                               00000000
MPASM 5.87                    CRONOMETRO.ASM   10-4-2026  21:05:15         PAGE 12


SYMBOL TABLE
  LABEL                             VALUE 

SENDB                             00000003
SIG_DISPLAY                       0000007B
SMP                               00000007
SPBRG                             00000099
SPBRGH                            0000009A
SPEN                              00000007
SR0                               00000006
SR1                               00000007
SRCON                             00000185
SREN                              00000005
SSPADD                            00000093
SSPBUF                            00000013
SSPCON                            00000014
SSPCON2                           00000091
SSPEN                             00000005
SSPIE                             00000003
SSPIF                             00000003
SSPM0                             00000000
SSPM1                             00000001
SSPM2                             00000002
SSPM3                             00000003
SSPMSK                            00000093
SSPOV                             00000006
SSPSTAT                           00000094
STATUS                            00000003
STATUS_TEMP                       00000071
STRA                              00000000
STRB                              00000001
STRC                              00000002
STRD                              00000003
STRSYNC                           00000004
SWDTEN                            00000000
SYNC                              00000004
T0CS                              00000005
T0IE                              00000005
T0IF                              00000002
T0SE                              00000004
T1CKPS0                           00000004
T1CKPS1                           00000005
T1CON                             00000010
T1GINV                            00000007
T1GIV                             00000007
T1GSS                             00000001
T1INSYNC                          00000002
T1OSCEN                           00000003
T1SYNC                            00000002
T2CKPS0                           00000000
T2CKPS1                           00000001
T2CON                             00000012
TABLA                             00000700
TMR0                              00000001
TMR0IE                            00000005
TMR0IF                            00000002
MPASM 5.87                    CRONOMETRO.ASM   10-4-2026  21:05:15         PAGE 13


SYMBOL TABLE
  LABEL                             VALUE 

TMR1                              0000000E
TMR1CS                            00000001
TMR1GE                            00000006
TMR1H                             0000000F
TMR1IE                            00000000
TMR1IF                            00000000
TMR1L                             0000000E
TMR1ON                            00000000
TMR2                              00000011
TMR2IE                            00000001
TMR2IF                            00000001
TMR2ON                            00000002
TOUTPS0                           00000003
TOUTPS1                           00000004
TOUTPS2                           00000005
TOUTPS3                           00000006
TRISA                             00000085
TRISA0                            00000000
TRISA1                            00000001
TRISA2                            00000002
TRISA3                            00000003
TRISA4                            00000004
TRISA5                            00000005
TRISA6                            00000006
TRISA7                            00000007
TRISB                             00000086
TRISB0                            00000000
TRISB1                            00000001
TRISB2                            00000002
TRISB3                            00000003
TRISB4                            00000004
TRISB5                            00000005
TRISB6                            00000006
TRISB7                            00000007
TRISC                             00000087
TRISC0                            00000000
TRISC1                            00000001
TRISC2                            00000002
TRISC3                            00000003
TRISC4                            00000004
TRISC5                            00000005
TRISC6                            00000006
TRISC7                            00000007
TRISD                             00000088
TRISD0                            00000000
TRISD1                            00000001
TRISD2                            00000002
TRISD3                            00000003
TRISD4                            00000004
TRISD5                            00000005
TRISD6                            00000006
TRISD7                            00000007
TRISE                             00000089
MPASM 5.87                    CRONOMETRO.ASM   10-4-2026  21:05:15         PAGE 14


SYMBOL TABLE
  LABEL                             VALUE 

TRISE0                            00000000
TRISE1                            00000001
TRISE2                            00000002
TRISE3                            00000003
TRMT                              00000001
TUN0                              00000000
TUN1                              00000001
TUN2                              00000002
TUN3                              00000003
TUN4                              00000004
TX8_9                             00000006
TX9                               00000006
TX9D                              00000000
TXD8                              00000000
TXEN                              00000005
TXIE                              00000004
TXIF                              00000004
TXREG                             00000019
TXSTA                             00000098
UA                                00000001
ULPWUE                            00000005
ULPWUIE                           00000002
ULPWUIF                           00000002
U_CENT                            00000022
U_SEG                             00000024
VCFG0                             00000004
VCFG1                             00000005
VR0                               00000000
VR1                               00000001
VR2                               00000002
VR3                               00000003
VRCON                             00000097
VREN                              00000007
VROE                              00000006
VRR                               00000005
VRSS                              00000004
W                                 00000000
WCOL                              00000007
WDTCON                            00000105
WDTPS0                            00000001
WDTPS1                            00000002
WDTPS2                            00000003
WDTPS3                            00000004
WPUB                              00000095
WPUB0                             00000000
WPUB1                             00000001
WPUB2                             00000002
WPUB3                             00000003
WPUB4                             00000004
WPUB5                             00000005
WPUB6                             00000006
WPUB7                             00000007
WR                                00000001
MPASM 5.87                    CRONOMETRO.ASM   10-4-2026  21:05:15         PAGE 15


SYMBOL TABLE
  LABEL                             VALUE 

WREN                              00000002
WRERR                             00000003
WUE                               00000001
W_TEMP                            00000070
Z                                 00000002
_BOR21V                           00003EFF
_BOR40V                           00003FFF
_BOR4V_BOR21V                     00003EFF
_BOR4V_BOR40V                     00003FFF
_BOREN_NSLEEP                     00003EFF
_BOREN_OFF                        00003CFF
_BOREN_ON                         00003FFF
_BOREN_SBODEN                     00003DFF
_BOR_NSLEEP                       00003EFF
_BOR_OFF                          00003CFF
_BOR_ON                           00003FFF
_BOR_SBODEN                       00003DFF
_CONFIG1                          00002007
_CONFIG2                          00002008
_CPD_OFF                          00003FFF
_CPD_ON                           00003F7F
_CP_OFF                           00003FFF
_CP_ON                            00003FBF
_DEBUG_OFF                        00003FFF
_DEBUG_ON                         00001FFF
_DEVID1                           00002006
_EC_OSC                           00003FFB
_EXTRC                            00003FFF
_EXTRCIO                          00003FFE
_EXTRC_OSC_CLKOUT                 00003FFF
_EXTRC_OSC_NOCLKOUT               00003FFE
_FCMEN_OFF                        000037FF
_FCMEN_ON                         00003FFF
_FOSC_EC                          00003FFB
_FOSC_EXTRC_CLKOUT                00003FFF
_FOSC_EXTRC_NOCLKOUT              00003FFE
_FOSC_HS                          00003FFA
_FOSC_INTRC_CLKOUT                00003FFD
_FOSC_INTRC_NOCLKOUT              00003FFC
_FOSC_LP                          00003FF8
_FOSC_XT                          00003FF9
_HS_OSC                           00003FFA
_IDLOC0                           00002000
_IDLOC1                           00002001
_IDLOC2                           00002002
_IDLOC3                           00002003
_IESO_OFF                         00003BFF
_IESO_ON                          00003FFF
_INTOSC                           00003FFD
_INTOSCIO                         00003FFC
_INTRC_OSC_CLKOUT                 00003FFD
_INTRC_OSC_NOCLKOUT               00003FFC
_LP_OSC                           00003FF8
MPASM 5.87                    CRONOMETRO.ASM   10-4-2026  21:05:15         PAGE 16


SYMBOL TABLE
  LABEL                             VALUE 

_LVP_OFF                          00002FFF
_LVP_ON                           00003FFF
_MCLRE_OFF                        00003FDF
_MCLRE_ON                         00003FFF
_PWRTE_OFF                        00003FFF
_PWRTE_ON                         00003FEF
_WDTE_OFF                         00003FF7
_WDTE_ON                          00003FFF
_WDT_OFF                          00003FF7
_WDT_ON                           00003FFF
_WRT_1FOURTH                      00003BFF
_WRT_256                          00003DFF
_WRT_HALF                         000039FF
_WRT_OFF                          00003FFF
_XT_OSC                           00003FF9
__16F887                          00000001
__DEBUG                           
__MPLAB_DEBUGGER_SIMULATOR        1

Errors   :     0
Warnings :     1 reported,     0 suppressed
Messages :     8 reported,     0 suppressed

