MPASM 5.87                           TP2.ASM   9-9-2026  1:55:43         PAGE  1


LOC  OBJECT CODE     LINE SOURCE TEXT
  VALUE

                      00001 #INCLUDE <P16F887.INC>
                      00001         LIST
                      00002 
                      00003 ;==========================================================================
                      00004 ; Build date : Jan 06 2020
                      00005 ;  MPASM PIC16F887 processor include
                      00006 ; 
                      00007 ;  (c) Copyright 1999-2020 Microchip Technology, All rights reserved
                      00008 ;==========================================================================
                      00009 
                      00810         LIST
                      00002 
                      00003     ; Configuracion de Fusibles
2007   20E1           00004     __CONFIG _CONFIG1, _FOSC_XT & _WDTE_OFF & _PWRTE_ON & _MCLRE_ON & _CP_OFF & _CPD_OFF & _BOREN_OFF & 
                            _IESO_OFF & _FCMEN_OFF & _LVP_OFF
2008   3EFF           00005     __CONFIG _CONFIG2, _BOR4V_BOR21V & _WRT_OFF
                      00006 
                      00007     ERRORLEVEL -302 ; Desactiva avisos de cambio de banco (Message 302)
                      00008 
                      00009 ; Variables en RAM
                      00010     CBLOCK 0x20
  00000020            00011         CONTADOR
  00000021            00012         TIEMPO
  00000022            00013         D1
  00000023            00014         D2
  00000024            00015         D3
  00000025            00016         EFECTO
  00000026            00017         DIRECCION
  00000027            00018         REP
                      00019     ENDC
                      00020 
                      00021 ; Vector de Reset
                      00022     ORG 0x0000
0000   2???           00023     GOTO INICIO
                      00024 
                      00025     ORG 0x0005
0005                  00026 INICIO:
                      00027     ; Todo digital
0005   1683 1703      00028     BANKSEL ANSEL
0007   0188           00029     CLRF    ANSEL
0008   0189           00030     CLRF    ANSELH
                      00031 
                      00032     ; PORTD salida para los LEDs
0009   1683 1303      00033     BANKSEL TRISD
000B   0188           00034     CLRF    TRISD
                      00035 
                      00036     ; RE0 unico boton (entrada)
000C   1683 1303      00037     BANKSEL TRISE
000E   1409           00038     BSF     TRISE, 0
                      00039 
                      00040     ; Contador inicia en 0
000F   1283 1303      00041     BANKSEL CONTADOR
0011   01A0           00042     CLRF    CONTADOR
MPASM 5.87                           TP2.ASM   9-9-2026  1:55:43         PAGE  2


LOC  OBJECT CODE     LINE SOURCE TEXT
  VALUE

                      00043 
                      00044     ; LEDs apagados
0012   1283 1303      00045     BANKSEL PORTD
0014   0188           00046     CLRF    PORTD
                      00047 
                      00048 ; =========================================
                      00049 ; MODO CONTADOR
                      00050 ; =========================================
0015                  00051 CONTADOR_MODO:
                      00052     ; Mostrar contador
0015   1283 1303      00053     BANKSEL CONTADOR
0017   0820           00054     MOVF    CONTADOR, W
0018   1283 1303      00055     BANKSEL PORTD
001A   0088           00056     MOVWF   PORTD
                      00057 
                      00058 ; Esperar que se presione RE0
001B                  00059 ESPERAR_PRESION:
001B   1283 1303      00060     BANKSEL PORTE
001D   1809           00061     BTFSC   PORTE, 0
001E   2???           00062     GOTO    ESPERAR_PRESION
                      00063 
                      00064     ; Antirrebote
001F   2???           00065     CALL    DEMORA_50MS
0020   1283 1303      00066     BANKSEL PORTE
0022   1809           00067     BTFSC   PORTE, 0
0023   2???           00068     GOTO    ESPERAR_PRESION
                      00069 
                      00070     ; Empezar a medir cuanto dura la pulsacion
0024   1283 1303      00071     BANKSEL TIEMPO
0026   01A1           00072     CLRF    TIEMPO
                      00073 
                      00074 ; =========================================
                      00075 ; MEDIR PULSACION
                      00076 ; =========================================
0027                  00077 MEDIR:
0027   2???           00078     CALL    DEMORA_50MS
0028   1283 1303      00079     BANKSEL TIEMPO
002A   0AA1           00080     INCF    TIEMPO, F
                      00081 
                      00082     ; 20 x 50 ms = aproximadamente 1 segundo
002B   3014           00083     MOVLW   D'20'
002C   0221           00084     SUBWF   TIEMPO, W
002D   1903           00085     BTFSC   STATUS, Z
002E   2???           00086     GOTO    MODO_SECUENCIA
                      00087 
                      00088     ; Ver si sigue apretado
002F   1283 1303      00089     BANKSEL PORTE
0031   1C09           00090     BTFSS   PORTE, 0
0032   2???           00091     GOTO    MEDIR
                      00092 
                      00093     ; Si solto antes de 1 segundo fue toque corto
0033   2???           00094     CALL    DEMORA_50MS
0034   1283 1303      00095     BANKSEL CONTADOR
MPASM 5.87                           TP2.ASM   9-9-2026  1:55:43         PAGE  3


LOC  OBJECT CODE     LINE SOURCE TEXT
  VALUE

0036   0AA0           00096     INCF    CONTADOR, F
0037   2???           00097     GOTO    CONTADOR_MODO
                      00098 
                      00099 ; =========================================
                      00100 ; MODO SECUENCIA
                      00101 ; =========================================
0038                  00102 MODO_SECUENCIA:
                      00103     ; Esperar que suelte RE0
0038                  00104 ESPERAR_SUELTA:
0038   1283 1303      00105     BANKSEL PORTE
003A   1C09           00106     BTFSS   PORTE, 0
003B   2???           00107     GOTO    ESPERAR_SUELTA
003C   2???           00108     CALL    DEMORA_50MS
                      00109 
                      00110     ; Hacer RUNNING 3 veces
003D   1283 1303      00111     BANKSEL REP
003F   3003           00112     MOVLW   D'3'
0040   00A7           00113     MOVWF   REP
0041                  00114 RUN3:
0041   2???           00115     CALL    RUNNING
0042   1803           00116     BTFSC   STATUS, C
0043   2???           00117     GOTO    SALIR_SECUENCIA
0044   1283 1303      00118     BANKSEL REP
0046   0BA7           00119     DECFSZ  REP, F
0047   2???           00120     GOTO    RUN3
                      00121 
                      00122     ; Hacer BRUNNING 3 veces
0048   3003           00123     MOVLW   D'3'
0049   00A7           00124     MOVWF   REP
004A                  00125 BRUN3:
004A   2???           00126     CALL    BRUNNING
004B   1803           00127     BTFSC   STATUS, C
004C   2???           00128     GOTO    SALIR_SECUENCIA
004D   1283 1303      00129     BANKSEL REP
004F   0BA7           00130     DECFSZ  REP, F
0050   2???           00131     GOTO    BRUN3
                      00132 
                      00133     ; Hacer CRAWLING 3 veces
0051   3003           00134     MOVLW   D'3'
0052   00A7           00135     MOVWF   REP
0053                  00136 CRAW3:
0053   2???           00137     CALL    CRAWLING
0054   1803           00138     BTFSC   STATUS, C
0055   2???           00139     GOTO    SALIR_SECUENCIA
0056   1283 1303      00140     BANKSEL REP
0058   0BA7           00141     DECFSZ  REP, F
0059   2???           00142     GOTO    CRAW3
                      00143 
                      00144     ; Repetir secuencias continuamente
005A   2???           00145     GOTO    MODO_SECUENCIA
                      00146 
                      00147 ; =========================================
                      00148 ; RUNNING
MPASM 5.87                           TP2.ASM   9-9-2026  1:55:43         PAGE  4


LOC  OBJECT CODE     LINE SOURCE TEXT
  VALUE

                      00149 ; Un LED recorre de un lado al otro
                      00150 ; =========================================
005B                  00151 RUNNING:
005B   1003           00152     BCF     STATUS, C
005C   1283 1303      00153     BANKSEL EFECTO
005E   3001           00154     MOVLW   B'00000001'
005F   00A5           00155     MOVWF   EFECTO
0060                  00156 RUN_LOOP:
0060   0825           00157     MOVF    EFECTO, W
0061   1283 1303      00158     BANKSEL PORTD
0063   0088           00159     MOVWF   PORTD
0064   2???           00160     CALL    DEMORA_200MS
0065   2???           00161     CALL    REVISAR_BOTON
0066   1803           00162     BTFSC   STATUS, C
0067   0008           00163     RETURN
0068   1003           00164     BCF     STATUS, C
0069   1283 1303      00165     BANKSEL EFECTO
006B   0DA5           00166     RLF     EFECTO, F
006C   1C03           00167     BTFSS   STATUS, C
006D   2???           00168     GOTO    RUN_LOOP
006E   1003           00169     BCF     STATUS, C
006F   0008           00170     RETURN
                      00171 
                      00172 ; =========================================
                      00173 ; BRUNNING
                      00174 ; LED va y vuelve
                      00175 ; =========================================
0070                  00176 BRUNNING:
0070   1003           00177     BCF     STATUS, C
0071   1283 1303      00178     BANKSEL EFECTO
0073   3001           00179     MOVLW   B'00000001'
0074   00A5           00180     MOVWF   EFECTO
0075   01A6           00181     CLRF    DIRECCION
0076                  00182 BRUN_LOOP:
0076   0825           00183     MOVF    EFECTO, W
0077   1283 1303      00184     BANKSEL PORTD
0079   0088           00185     MOVWF   PORTD
007A   2???           00186     CALL    DEMORA_200MS
007B   2???           00187     CALL    REVISAR_BOTON
007C   1803           00188     BTFSC   STATUS, C
007D   0008           00189     RETURN
007E   1283 1303      00190     BANKSEL DIRECCION
0080   1826           00191     BTFSC   DIRECCION, 0
0081   2???           00192     GOTO    DERECHA
0082   1003           00193     BCF     STATUS, C
0083   1283 1303      00194     BANKSEL EFECTO
0085   0DA5           00195     RLF     EFECTO, F
0086   1C03           00196     BTFSS   STATUS, C
0087   2???           00197     GOTO    BRUN_LOOP
0088   3040           00198     MOVLW   B'01000000'
0089   00A5           00199     MOVWF   EFECTO
008A   1283 1303      00200     BANKSEL DIRECCION
008C   09A6           00201     COMF    DIRECCION, F
MPASM 5.87                           TP2.ASM   9-9-2026  1:55:43         PAGE  5


LOC  OBJECT CODE     LINE SOURCE TEXT
  VALUE

008D   2???           00202     GOTO    BRUN_LOOP
008E                  00203 DERECHA:
008E   1003           00204     BCF     STATUS, C
008F   1283 1303      00205     BANKSEL EFECTO
0091   0CA5           00206     RRF     EFECTO, F
0092   1C03           00207     BTFSS   STATUS, C
0093   2???           00208     GOTO    BRUN_LOOP
0094   1003           00209     BCF     STATUS, C
0095   0008           00210     RETURN
                      00211 
                      00212 ; =========================================
                      00213 ; CRAWLING
                      00214 ; Enciende y apaga progresivamente
                      00215 ; =========================================
0096                  00216 CRAWLING:
0096   1003           00217     BCF     STATUS, C
0097   1283 1303      00218     BANKSEL EFECTO
0099   01A5           00219     CLRF    EFECTO
009A                  00220 ENCENDER:
009A   1003           00221     BCF     STATUS, C
009B   0DA5           00222     RLF     EFECTO, F
009C   1425           00223     BSF     EFECTO, 0
009D   0825           00224     MOVF    EFECTO, W
009E   1283 1303      00225     BANKSEL PORTD
00A0   0088           00226     MOVWF   PORTD
00A1   2???           00227     CALL    DEMORA_100MS
00A2   2???           00228     CALL    REVISAR_BOTON
00A3   1803           00229     BTFSC   STATUS, C
00A4   0008           00230     RETURN
00A5   1283 1303      00231     BANKSEL EFECTO
00A7   0825           00232     MOVF    EFECTO, W
00A8   3AFF           00233     XORLW   0xFF
00A9   1D03           00234     BTFSS   STATUS, Z
00AA   2???           00235     GOTO    ENCENDER
00AB                  00236 APAGAR:
00AB   1003           00237     BCF     STATUS, C
00AC   1283 1303      00238     BANKSEL EFECTO
00AE   0CA5           00239     RRF     EFECTO, F
00AF   0825           00240     MOVF    EFECTO, W
00B0   1283 1303      00241     BANKSEL PORTD
00B2   0088           00242     MOVWF   PORTD
00B3   2???           00243     CALL    DEMORA_100MS
00B4   2???           00244     CALL    REVISAR_BOTON
00B5   1803           00245     BTFSC   STATUS, C
00B6   0008           00246     RETURN
00B7   1283 1303      00247     BANKSEL EFECTO
00B9   0825           00248     MOVF    EFECTO, W
00BA   1D03           00249     BTFSS   STATUS, Z
00BB   2???           00250     GOTO    APAGAR
00BC   1003           00251     BCF     STATUS, C
00BD   0008           00252     RETURN
                      00253 
                      00254 ; =========================================
MPASM 5.87                           TP2.ASM   9-9-2026  1:55:43         PAGE  6


LOC  OBJECT CODE     LINE SOURCE TEXT
  VALUE

                      00255 ; REVISAR BOTON DURANTE SECUENCIA
                      00256 ; C=1 si se presiono RE0
                      00257 ; =========================================
00BE                  00258 REVISAR_BOTON:
00BE   1283 1303      00259     BANKSEL PORTE
00C0   1809           00260     BTFSC   PORTE, 0
00C1   2???           00261     GOTO    NO_PRESION
00C2   2???           00262     CALL    DEMORA_50MS
00C3   1283 1303      00263     BANKSEL PORTE
00C5   1809           00264     BTFSC   PORTE, 0
00C6   2???           00265     GOTO    NO_PRESION
00C7   1403           00266     BSF     STATUS, C
00C8   0008           00267     RETURN
00C9                  00268 NO_PRESION:
00C9   1003           00269     BCF     STATUS, C
00CA   0008           00270     RETURN
                      00271 
                      00272 ; =========================================
                      00273 ; SALIR DE SECUENCIA
                      00274 ; =========================================
00CB                  00275 SALIR_SECUENCIA:
                      00276     ; Esperar que suelte RE0
00CB   1283 1303      00277     BANKSEL PORTE
00CD   1C09           00278     BTFSS   PORTE, 0
00CE   2???           00279     GOTO    SALIR_SECUENCIA
00CF   2???           00280     CALL    DEMORA_50MS
                      00281 
                      00282     ; Volver a mostrar contador
00D0   1283 1303      00283     BANKSEL CONTADOR
00D2   0820           00284     MOVF    CONTADOR, W
00D3   1283 1303      00285     BANKSEL PORTD
00D5   0088           00286     MOVWF   PORTD
00D6   2???           00287     GOTO    CONTADOR_MODO
                      00288 
                      00289 ; =========================================
                      00290 ; DEMORA 50 ms
                      00291 ; =========================================
00D7                  00292 DEMORA_50MS:
00D7   1283 1303      00293     BANKSEL D1
00D9   3064           00294     MOVLW   D'100'
00DA   00A2           00295     MOVWF   D1
00DB                  00296 D50_1:
00DB   30A6           00297     MOVLW   D'166'
00DC   00A3           00298     MOVWF   D2
00DD                  00299 D50_2:
00DD   0BA3           00300     DECFSZ  D2, F
00DE   2???           00301     GOTO    D50_2
00DF   0BA2           00302     DECFSZ  D1, F
00E0   2???           00303     GOTO    D50_1
00E1   0008           00304     RETURN
                      00305 
                      00306 ; =========================================
                      00307 ; DEMORA 200 ms
MPASM 5.87                           TP2.ASM   9-9-2026  1:55:43         PAGE  7


LOC  OBJECT CODE     LINE SOURCE TEXT
  VALUE

                      00308 ; =========================================
00E2                  00309 DEMORA_200MS:
00E2   1283 1303      00310     BANKSEL D1
00E4   30FF           00311     MOVLW   D'255'
00E5   00A2           00312     MOVWF   D1
00E6                  00313 D200_1:
00E6   30FF           00314     MOVLW   D'255'
00E7   00A3           00315     MOVWF   D2
00E8                  00316 D200_2:
00E8   0BA3           00317     DECFSZ  D2, F
00E9   2???           00318     GOTO    D200_2
00EA   0BA2           00319     DECFSZ  D1, F
00EB   2???           00320     GOTO    D200_1
00EC   0008           00321     RETURN
                      00322 
                      00323 ; =========================================
                      00324 ; DEMORA 100 ms
                      00325 ; =========================================
00ED                  00326 DEMORA_100MS:
00ED   1283 1303      00327     BANKSEL D1
00EF   30FA           00328     MOVLW   D'250'
00F0   00A2           00329     MOVWF   D1
00F1                  00330 D100_1:
00F1   3010           00331     MOVLW   D'16'
00F2   00A3           00332     MOVWF   D2
00F3                  00333 D100_2:
00F3   3007           00334     MOVLW   D'7'
00F4   00A4           00335     MOVWF   D3
00F5                  00336 D100_3:
00F5   0BA4           00337     DECFSZ  D3, F
00F6   2???           00338     GOTO    D100_3
00F7   0BA3           00339     DECFSZ  D2, F
00F8   2???           00340     GOTO    D100_2
00F9   0BA2           00341     DECFSZ  D1, F
00FA   2???           00342     GOTO    D100_1
00FB   0008           00343     RETURN
                      00344 
20E1 3EFF             00345     END
MPASM 5.87                           TP2.ASM   9-9-2026  1:55:43         PAGE  8


SYMBOL TABLE
  LABEL                             VALUE 

ABDEN                             00000000
ABDOVF                            00000007
ACKDT                             00000005
ACKEN                             00000004
ACKSTAT                           00000006
ADCON0                            0000001F
ADCON1                            0000009F
ADCS0                             00000006
ADCS1                             00000007
ADDEN                             00000003
ADFM                              00000007
ADIE                              00000006
ADIF                              00000006
ADON                              00000000
ADRESH                            0000001E
ADRESL                            0000009E
ANS0                              00000000
ANS1                              00000001
ANS10                             00000002
ANS11                             00000003
ANS12                             00000004
ANS13                             00000005
ANS2                              00000002
ANS3                              00000003
ANS4                              00000004
ANS5                              00000005
ANS6                              00000006
ANS7                              00000007
ANS8                              00000000
ANS9                              00000001
ANSEL                             00000188
ANSELH                            00000189
APAGAR                            000000AB
BAUDCTL                           00000187
BCLIE                             00000003
BCLIF                             00000003
BF                                00000000
BRG0                              00000000
BRG1                              00000001
BRG10                             00000002
BRG11                             00000003
BRG12                             00000004
BRG13                             00000005
BRG14                             00000006
BRG15                             00000007
BRG16                             00000003
BRG2                              00000002
BRG3                              00000003
BRG4                              00000004
BRG5                              00000005
BRG6                              00000006
BRG7                              00000007
BRG8                              00000000
MPASM 5.87                           TP2.ASM   9-9-2026  1:55:43         PAGE  9


SYMBOL TABLE
  LABEL                             VALUE 

BRG9                              00000001
BRGH                              00000002
BRUN3                             0000004A
BRUNNING                          00000070
BRUN_LOOP                         00000076
C                                 00000000
C1CH0                             00000000
C1CH1                             00000001
C1IE                              00000005
C1IF                              00000005
C1OE                              00000005
C1ON                              00000007
C1OUT                             00000006
C1POL                             00000004
C1R                               00000002
C1RSEL                            00000005
C1SEN                             00000005
C2CH0                             00000000
C2CH1                             00000001
C2IE                              00000006
C2IF                              00000006
C2OE                              00000005
C2ON                              00000007
C2OUT                             00000006
C2POL                             00000004
C2R                               00000002
C2REN                             00000004
C2RSEL                            00000004
C2SYNC                            00000000
CCP1CON                           00000017
CCP1IE                            00000002
CCP1IF                            00000002
CCP1M0                            00000000
CCP1M1                            00000001
CCP1M2                            00000002
CCP1M3                            00000003
CCP1X                             00000005
CCP1Y                             00000004
CCP2CON                           0000001D
CCP2IE                            00000000
CCP2IF                            00000000
CCP2M0                            00000000
CCP2M1                            00000001
CCP2M2                            00000002
CCP2M3                            00000003
CCP2X                             00000005
CCP2Y                             00000004
CCPR1                             00000015
CCPR1H                            00000016
CCPR1L                            00000015
CCPR2                             0000001B
CCPR2H                            0000001C
CCPR2L                            0000001B
MPASM 5.87                           TP2.ASM   9-9-2026  1:55:43         PAGE 10


SYMBOL TABLE
  LABEL                             VALUE 

CHS0                              00000002
CHS1                              00000003
CHS2                              00000004
CHS3                              00000005
CKE                               00000006
CKP                               00000004
CM1CON0                           00000107
CM2CON0                           00000108
CM2CON1                           00000109
CONTADOR                          00000020
CONTADOR_MODO                     00000015
CRAW3                             00000053
CRAWLING                          00000096
CREN                              00000004
CSRC                              00000007
D                                 00000005
D1                                00000022
D100_1                            000000F1
D100_2                            000000F3
D100_3                            000000F5
D2                                00000023
D200_1                            000000E6
D200_2                            000000E8
D3                                00000024
D50_1                             000000DB
D50_2                             000000DD
DATA_ADDRESS                      00000005
DC                                00000001
DC1B0                             00000004
DC1B1                             00000005
DC2B0                             00000004
DC2B1                             00000005
DEMORA_100MS                      000000ED
DEMORA_200MS                      000000E2
DEMORA_50MS                       000000D7
DERECHA                           0000008E
DIRECCION                         00000026
D_A                               00000005
D_NOT_A                           00000005
ECCPAS                            0000009C
ECCPAS0                           00000004
ECCPAS1                           00000005
ECCPAS2                           00000006
ECCPASE                           00000007
EEADR                             0000010D
EEADRH                            0000010F
EECON1                            0000018C
EECON2                            0000018D
EEDAT                             0000010C
EEDATA                            0000010C
EEDATH                            0000010E
EEIE                              00000004
EEIF                              00000004
MPASM 5.87                           TP2.ASM   9-9-2026  1:55:43         PAGE 11


SYMBOL TABLE
  LABEL                             VALUE 

EEPGD                             00000007
EFECTO                            00000025
ENCENDER                          0000009A
ESPERAR_PRESION                   0000001B
ESPERAR_SUELTA                    00000038
F                                 00000001
FERR                              00000002
FSR                               00000004
FVREN                             00000000
GCEN                              00000007
GIE                               00000007
GO                                00000001
GO_DONE                           00000001
GO_NOT_DONE                       00000001
HTS                               00000002
I2C_DATA                          00000005
I2C_READ                          00000002
I2C_START                         00000003
I2C_STOP                          00000004
INDF                              00000000
INICIO                            00000005
INTCON                            0000000B
INTE                              00000004
INTEDG                            00000006
INTF                              00000001
IOCB                              00000096
IOCB0                             00000000
IOCB1                             00000001
IOCB2                             00000002
IOCB3                             00000003
IOCB4                             00000004
IOCB5                             00000005
IOCB6                             00000006
IOCB7                             00000007
IRCF0                             00000004
IRCF1                             00000005
IRCF2                             00000006
IRP                               00000007
LTS                               00000001
MC1OUT                            00000007
MC2OUT                            00000006
MEDIR                             00000027
MODO_SECUENCIA                    00000038
MSK                               00000093
MSK0                              00000000
MSK1                              00000001
MSK2                              00000002
MSK3                              00000003
MSK4                              00000004
MSK5                              00000005
MSK6                              00000006
MSK7                              00000007
NOT_A                             00000005
MPASM 5.87                           TP2.ASM   9-9-2026  1:55:43         PAGE 12


SYMBOL TABLE
  LABEL                             VALUE 

NOT_ADDRESS                       00000005
NOT_BO                            00000000
NOT_BOR                           00000000
NOT_DONE                          00000001
NOT_PD                            00000003
NOT_POR                           00000001
NOT_RBPU                          00000007
NOT_RC8                           00000006
NOT_T1SYNC                        00000002
NOT_TO                            00000004
NOT_TX8                           00000006
NOT_W                             00000002
NOT_WRITE                         00000002
NO_PRESION                        000000C9
OERR                              00000001
OPTION_REG                        00000081
OSCCON                            0000008F
OSCTUNE                           00000090
OSFIE                             00000007
OSFIF                             00000007
OSTS                              00000003
P                                 00000004
P1M0                              00000006
P1M1                              00000007
PCL                               00000002
PCLATH                            0000000A
PCON                              0000008E
PDC0                              00000000
PDC1                              00000001
PDC2                              00000002
PDC3                              00000003
PDC4                              00000004
PDC5                              00000005
PDC6                              00000006
PEIE                              00000006
PEN                               00000002
PIE1                              0000008C
PIE2                              0000008D
PIR1                              0000000C
PIR2                              0000000D
PORTA                             00000005
PORTB                             00000006
PORTC                             00000007
PORTD                             00000008
PORTE                             00000009
PR2                               00000092
PRSEN                             00000007
PS0                               00000000
PS1                               00000001
PS2                               00000002
PSA                               00000003
PSSAC0                            00000002
PSSAC1                            00000003
MPASM 5.87                           TP2.ASM   9-9-2026  1:55:43         PAGE 13


SYMBOL TABLE
  LABEL                             VALUE 

PSSBD0                            00000000
PSSBD1                            00000001
PSTRCON                           0000009D
PULSR                             00000002
PULSS                             00000003
PWM1CON                           0000009B
R                                 00000002
RA0                               00000000
RA1                               00000001
RA2                               00000002
RA3                               00000003
RA4                               00000004
RA5                               00000005
RA6                               00000006
RA7                               00000007
RB0                               00000000
RB1                               00000001
RB2                               00000002
RB3                               00000003
RB4                               00000004
RB5                               00000005
RB6                               00000006
RB7                               00000007
RBIE                              00000003
RBIF                              00000000
RC0                               00000000
RC1                               00000001
RC2                               00000002
RC3                               00000003
RC4                               00000004
RC5                               00000005
RC6                               00000006
RC7                               00000007
RC8_9                             00000006
RC9                               00000006
RCD8                              00000000
RCEN                              00000003
RCIDL                             00000006
RCIE                              00000005
RCIF                              00000005
RCREG                             0000001A
RCSTA                             00000018
RD                                00000000
RD0                               00000000
RD1                               00000001
RD2                               00000002
RD3                               00000003
RD4                               00000004
RD5                               00000005
RD6                               00000006
RD7                               00000007
RE0                               00000000
RE1                               00000001
MPASM 5.87                           TP2.ASM   9-9-2026  1:55:43         PAGE 14


SYMBOL TABLE
  LABEL                             VALUE 

RE2                               00000002
RE3                               00000003
READ_WRITE                        00000002
REP                               00000027
REVISAR_BOTON                     000000BE
RP0                               00000005
RP1                               00000006
RSEN                              00000001
RUN3                              00000041
RUNNING                           0000005B
RUN_LOOP                          00000060
RX9                               00000006
RX9D                              00000000
R_NOT_W                           00000002
R_W                               00000002
S                                 00000003
SALIR_SECUENCIA                   000000CB
SBOREN                            00000004
SCKP                              00000004
SCS                               00000000
SEN                               00000000
SENDB                             00000003
SMP                               00000007
SPBRG                             00000099
SPBRGH                            0000009A
SPEN                              00000007
SR0                               00000006
SR1                               00000007
SRCON                             00000185
SREN                              00000005
SSPADD                            00000093
SSPBUF                            00000013
SSPCON                            00000014
SSPCON2                           00000091
SSPEN                             00000005
SSPIE                             00000003
SSPIF                             00000003
SSPM0                             00000000
SSPM1                             00000001
SSPM2                             00000002
SSPM3                             00000003
SSPMSK                            00000093
SSPOV                             00000006
SSPSTAT                           00000094
STATUS                            00000003
STRA                              00000000
STRB                              00000001
STRC                              00000002
STRD                              00000003
STRSYNC                           00000004
SWDTEN                            00000000
SYNC                              00000004
T0CS                              00000005
MPASM 5.87                           TP2.ASM   9-9-2026  1:55:43         PAGE 15


SYMBOL TABLE
  LABEL                             VALUE 

T0IE                              00000005
T0IF                              00000002
T0SE                              00000004
T1CKPS0                           00000004
T1CKPS1                           00000005
T1CON                             00000010
T1GINV                            00000007
T1GIV                             00000007
T1GSS                             00000001
T1INSYNC                          00000002
T1OSCEN                           00000003
T1SYNC                            00000002
T2CKPS0                           00000000
T2CKPS1                           00000001
T2CON                             00000012
TIEMPO                            00000021
TMR0                              00000001
TMR0IE                            00000005
TMR0IF                            00000002
TMR1                              0000000E
TMR1CS                            00000001
TMR1GE                            00000006
TMR1H                             0000000F
TMR1IE                            00000000
TMR1IF                            00000000
TMR1L                             0000000E
TMR1ON                            00000000
TMR2                              00000011
TMR2IE                            00000001
TMR2IF                            00000001
TMR2ON                            00000002
TOUTPS0                           00000003
TOUTPS1                           00000004
TOUTPS2                           00000005
TOUTPS3                           00000006
TRISA                             00000085
TRISA0                            00000000
TRISA1                            00000001
TRISA2                            00000002
TRISA3                            00000003
TRISA4                            00000004
TRISA5                            00000005
TRISA6                            00000006
TRISA7                            00000007
TRISB                             00000086
TRISB0                            00000000
TRISB1                            00000001
TRISB2                            00000002
TRISB3                            00000003
TRISB4                            00000004
TRISB5                            00000005
TRISB6                            00000006
TRISB7                            00000007
MPASM 5.87                           TP2.ASM   9-9-2026  1:55:43         PAGE 16


SYMBOL TABLE
  LABEL                             VALUE 

TRISC                             00000087
TRISC0                            00000000
TRISC1                            00000001
TRISC2                            00000002
TRISC3                            00000003
TRISC4                            00000004
TRISC5                            00000005
TRISC6                            00000006
TRISC7                            00000007
TRISD                             00000088
TRISD0                            00000000
TRISD1                            00000001
TRISD2                            00000002
TRISD3                            00000003
TRISD4                            00000004
TRISD5                            00000005
TRISD6                            00000006
TRISD7                            00000007
TRISE                             00000089
TRISE0                            00000000
TRISE1                            00000001
TRISE2                            00000002
TRISE3                            00000003
TRMT                              00000001
TUN0                              00000000
TUN1                              00000001
TUN2                              00000002
TUN3                              00000003
TUN4                              00000004
TX8_9                             00000006
TX9                               00000006
TX9D                              00000000
TXD8                              00000000
TXEN                              00000005
TXIE                              00000004
TXIF                              00000004
TXREG                             00000019
TXSTA                             00000098
UA                                00000001
ULPWUE                            00000005
ULPWUIE                           00000002
ULPWUIF                           00000002
VCFG0                             00000004
VCFG1                             00000005
VR0                               00000000
VR1                               00000001
VR2                               00000002
VR3                               00000003
VRCON                             00000097
VREN                              00000007
VROE                              00000006
VRR                               00000005
VRSS                              00000004
MPASM 5.87                           TP2.ASM   9-9-2026  1:55:43         PAGE 17


SYMBOL TABLE
  LABEL                             VALUE 

W                                 00000000
WCOL                              00000007
WDTCON                            00000105
WDTPS0                            00000001
WDTPS1                            00000002
WDTPS2                            00000003
WDTPS3                            00000004
WPUB                              00000095
WPUB0                             00000000
WPUB1                             00000001
WPUB2                             00000002
WPUB3                             00000003
WPUB4                             00000004
WPUB5                             00000005
WPUB6                             00000006
WPUB7                             00000007
WR                                00000001
WREN                              00000002
WRERR                             00000003
WUE                               00000001
Z                                 00000002
_BOR21V                           00003EFF
_BOR40V                           00003FFF
_BOR4V_BOR21V                     00003EFF
_BOR4V_BOR40V                     00003FFF
_BOREN_NSLEEP                     00003EFF
_BOREN_OFF                        00003CFF
_BOREN_ON                         00003FFF
_BOREN_SBODEN                     00003DFF
_BOR_NSLEEP                       00003EFF
_BOR_OFF                          00003CFF
_BOR_ON                           00003FFF
_BOR_SBODEN                       00003DFF
_CONFIG1                          00002007
_CONFIG2                          00002008
_CPD_OFF                          00003FFF
_CPD_ON                           00003F7F
_CP_OFF                           00003FFF
_CP_ON                            00003FBF
_DEBUG_OFF                        00003FFF
_DEBUG_ON                         00001FFF
_DEVID1                           00002006
_EC_OSC                           00003FFB
_EXTRC                            00003FFF
_EXTRCIO                          00003FFE
_EXTRC_OSC_CLKOUT                 00003FFF
_EXTRC_OSC_NOCLKOUT               00003FFE
_FCMEN_OFF                        000037FF
_FCMEN_ON                         00003FFF
_FOSC_EC                          00003FFB
_FOSC_EXTRC_CLKOUT                00003FFF
_FOSC_EXTRC_NOCLKOUT              00003FFE
_FOSC_HS                          00003FFA
MPASM 5.87                           TP2.ASM   9-9-2026  1:55:43         PAGE 18


SYMBOL TABLE
  LABEL                             VALUE 

_FOSC_INTRC_CLKOUT                00003FFD
_FOSC_INTRC_NOCLKOUT              00003FFC
_FOSC_LP                          00003FF8
_FOSC_XT                          00003FF9
_HS_OSC                           00003FFA
_IDLOC0                           00002000
_IDLOC1                           00002001
_IDLOC2                           00002002
_IDLOC3                           00002003
_IESO_OFF                         00003BFF
_IESO_ON                          00003FFF
_INTOSC                           00003FFD
_INTOSCIO                         00003FFC
_INTRC_OSC_CLKOUT                 00003FFD
_INTRC_OSC_NOCLKOUT               00003FFC
_LP_OSC                           00003FF8
_LVP_OFF                          00002FFF
_LVP_ON                           00003FFF
_MCLRE_OFF                        00003FDF
_MCLRE_ON                         00003FFF
_PWRTE_OFF                        00003FFF
_PWRTE_ON                         00003FEF
_WDTE_OFF                         00003FF7
_WDTE_ON                          00003FFF
_WDT_OFF                          00003FF7
_WDT_ON                           00003FFF
_WRT_1FOURTH                      00003BFF
_WRT_256                          00003DFF
_WRT_HALF                         000039FF
_WRT_OFF                          00003FFF
_XT_OSC                           00003FF9
__16F887                          00000001

Errors   :     0
Warnings :     0 reported,     0 suppressed
Messages :     0 reported,     4 suppressed

